// Jest Snapshot v1, https://goo.gl/fbAQLP

exports[`MessagesList render should return a list of 2 messages 1`] = `
<MessagesList
  botName="I am a bot"
  color="#1ccb9e"
  currentUserId={1}
  id={1}
  messages={
    Array [
      Object {
        "content": Object {
          "body": "Hello bot, what should I watch today",
        },
        "createdAt": "2019-07-23T12:00:00+00:00",
        "createdBy": Object {
          "userId": 100,
          "userName": "johnSmith100",
        },
        "id": 0,
        "read": Object {
          "status": true,
          "timestamp": "2019-07-23T12:00:15+00:00",
        },
        "recipient": Object {
          "userId": 1,
          "userName": "mikeham98",
        },
      },
      Object {
        "content": Object {
          "body": "Hello Mike, I have a few suggestions...",
          "options": Array [
            Object {
              "id": 1,
              "option": "Back To The Future",
            },
            Object {
              "id": 2,
              "option": "Stranger Things",
            },
          ],
        },
        "createdAt": "2019-07-23T12:01:30+00:00",
        "createdBy": Object {
          "userId": 1,
          "userName": "mikeham98",
        },
        "id": 1,
        "read": Object {
          "status": false,
          "timestamp": null,
        },
        "recipient": Object {
          "userId": 100,
          "userName": "johnSmith100",
        },
        "selectedOption": 1,
      },
    ]
  }
  onClickOption={[MockFunction]}
  replying={false}
>
  <div
    className="messageContainer"
  >
    <div
      className="messageWrapper leftMessage"
      key="0"
    >
      <Message
        body="Hello bot, what should I watch today"
        color=""
        dateTime="10:30 am"
        id={0}
        onClickBody={[Function]}
        onClickOption={[MockFunction]}
        showDateTime={false}
      >
        <div
          className="messageContent"
        >
          <div
            className="message"
            onClick={[Function]}
            style={
              Object {
                "backgroundColor": "",
              }
            }
          >
            <span
              className="messageBody"
            >
              Hello bot, what should I watch today
            </span>
          </div>
        </div>
      </Message>
    </div>
    <div
      className="messageWrapper rightMessage"
      key="1"
    >
      <Message
        body="Hello Mike, I have a few suggestions..."
        color="#1ccb9e"
        dateTime="10:30 am"
        id={1}
        onClickBody={[Function]}
        onClickOption={[MockFunction]}
        options={
          Array [
            Object {
              "id": 1,
              "option": "Back To The Future",
            },
            Object {
              "id": 2,
              "option": "Stranger Things",
            },
          ]
        }
        selectedOption={1}
        showDateTime={false}
      >
        <div
          className="messageContent"
        >
          <div
            className="message"
            onClick={[Function]}
            style={
              Object {
                "backgroundColor": "#1ccb9e",
              }
            }
          >
            <span
              className="messageBody"
            >
              Hello Mike, I have a few suggestions...
            </span>
            <Options
              onClick={[Function]}
              options={
                Array [
                  Object {
                    "id": 1,
                    "option": "Back To The Future",
                  },
                  Object {
                    "id": 2,
                    "option": "Stranger Things",
                  },
                ]
              }
              selectedOption={1}
            >
              <div
                className="messageOptionWrapper"
              >
                <Option
                  disabled={true}
                  key="1"
                  onClick={[Function]}
                  option="Back To The Future"
                  selected={true}
                >
                  <div
                    className="messageOption messageOptionSelected"
                    onClick={[Function]}
                  >
                    Back To The Future
                  </div>
                </Option>
                <Option
                  disabled={true}
                  key="2"
                  onClick={[Function]}
                  option="Stranger Things"
                  selected={false}
                >
                  <div
                    className="messageOption messageOptionDisabled"
                    onClick={[Function]}
                  >
                    Stranger Things
                  </div>
                </Option>
              </div>
            </Options>
          </div>
        </div>
      </Message>
    </div>
  </div>
</MessagesList>
`;

exports[`MessagesList render should return no messages 1`] = `
<MessagesList
  botName="I am a bot"
  color="#1ccb9e"
  currentUserId={1}
  id={1}
  messages={Array []}
  onClickOption={[MockFunction]}
  replying={false}
>
  <div
    className="messageContainer"
  />
</MessagesList>
`;
