// Jest Snapshot v1, https://goo.gl/fbAQLP

exports[`SideBar render should return a title of This is a side bar and a div with the text Children inside 1`] = `
<SideBar
  title="This is a side bar"
>
  <div
    className="sideBarContainer"
  >
    <div
      style={
        Object {
          "width": 300,
        }
      }
    >
      <div
        className="sideBarMenuWrapper"
      >
        <div
          className="sideBarMenu"
        >
          <div
            style={
              Object {
                "display": "flex",
                "flexDirection": "column",
                "width": "100%",
              }
            }
          >
            <h1
              className="sideBarMenuTitle"
            >
              This is a side bar
            </h1>
            <div
              className="sideBarMenuChildren"
            >
              <div>
                Children
              </div>
            </div>
          </div>
        </div>
        <div
          className="sideBarDraggableHandle"
        />
      </div>
    </div>
  </div>
</SideBar>
`;
