// Jest Snapshot v1, https://goo.gl/fbAQLP

exports[`ChatBotContainer render should return ChatBot component 1`] = `
<Memo(ChatBot)
  botName="TravelBot"
  color="#9A58B9"
  currentUserId={1}
  messages={
    Array [
      1,
      2,
      3,
      4,
      5,
    ]
  }
  onClickOption={[Function]}
  replying={true}
  sendMessage={[Function]}
/>
`;
