// Jest Snapshot v1, https://goo.gl/fbAQLP

exports[`ColorPicker render should return four ColorIcon components with the orange ColorIcon selected 1`] = `
<div
  className="colorPickerWrapper"
>
  <ColourIcon
    color="red"
    key="red"
    onClick={[Function]}
    selected={false}
  />
  <ColourIcon
    color="orange"
    key="orange"
    onClick={[Function]}
    selected={true}
  />
  <ColourIcon
    color="yellow"
    key="yellow"
    onClick={[Function]}
    selected={false}
  />
  <ColourIcon
    color="green"
    key="green"
    onClick={[Function]}
    selected={false}
  />
</div>
`;
